2026-08-20 10:14:53,264 | INFO | Starting automation run
2026-08-20 10:15:02,074 | INFO | Opening OrangeHRM login page
2026-08-20 10:15:06,406 | INFO | Logging in as user 'Admin'
2026-08-20 10:15:09,039 | INFO | Login successful
2026-08-20 10:15:09,039 | INFO | Navigating to PIM module
2026-08-20 10:15:39,557 | ERROR | Automation failed: Message: 
Stacktrace:
	chromedriver!GetHandleVerifier [0x1263353+fd93]
	chromedriver!GetHandleVerifier [0x1263394+fdd4]
	chromedriver!(No symbol) [0x1059220]
	chromedriver!(No symbol) [0x10a32fb]
	chromedriver!(No symbol) [0x10a351b]
	chromedriver!(No symbol) [0x10e5b82]
	chromedriver!(No symbol) [0x10c58c4]
	chromedriver!(No symbol) [0x10e34d9]
	chromedriver!(No symbol) [0x10c5616]
	chromedriver!(No symbol) [0x10987e9]
	chromedriver!(No symbol) [0x10995b4]
	chromedriver!GetHandleVerifier [0x14ff51a+2abf5a]
	chromedriver!GetHandleVerifier [0x14faa21+2a7461]
	chromedriver!GetHandleVerifier [0x128f374+3bdb4]
	chromedriver!GetHandleVerifier [0x127e036+2aa76]
	chromedriver!GetHandleVerifier [0x1284efd+3193d]
	chromedriver!GetHandleVerifier [0x126c8a8+192e8]
	chromedriver!GetHandleVerifier [0x126ca55+19495]
	chromedriver!GetHandleVerifier [0x12553ff+1e3f]
	KERNEL32!BaseThreadInitThunk [0x76055d49+19]
	ntdll!RtlInitializeExceptionChain [0x7716e12b+6b]
	ntdll!RtlGetAppContainerNamedObjectPath [0x7716e0b1+231]

