2026-08-20 11:26:27,005 | INFO | Starting automation run
2026-08-20 11:26:27,194 | INFO | Starting automation run
2026-08-20 11:26:27,248 | INFO | Logging in as user 'Admin'
2026-08-20 11:26:27,260 | INFO | Opening OrangeHRM login page
2026-08-20 11:26:28,517 | INFO | Opening OrangeHRM login page
2026-08-20 11:26:28,635 | INFO | Opening OrangeHRM login page
2026-08-20 11:26:28,863 | INFO | Opening OrangeHRM login page
2026-08-20 11:26:34,966 | INFO | Extracted 20 employee rows
2026-08-20 11:26:34,968 | INFO | Saved extracted data to employees_20260820_112634.csv
2026-08-20 11:26:34,968 | INFO | Logging out
2026-08-20 11:26:36,582 | INFO | Login successful
2026-08-20 11:26:36,582 | INFO | Navigating to PIM module
2026-08-20 11:26:47,641 | INFO | Login successful
2026-08-20 11:26:47,642 | INFO | Navigating to PIM module
2026-08-20 11:26:49,210 | INFO | Logging in as user 'Admin'
2026-08-20 11:26:50,795 | INFO | Logging in as user 'Admin'
2026-08-20 11:26:51,655 | INFO | Logging in as user 'Admin'
2026-08-20 11:26:53,298 | INFO | PIM page loaded
2026-08-20 11:26:53,299 | INFO | Opening Add Employee form
2026-08-20 11:26:53,951 | INFO | Logging in as user 'Admin'
2026-08-20 11:26:57,633 | INFO | Logout successful. Automation run complete.
2026-08-20 11:27:03,325 | INFO | Submitting new employee: joo s (ID: 7865)
2026-08-20 11:27:08,146 | INFO | PIM page loaded
2026-08-20 11:27:08,147 | INFO | Opening Add Employee form
2026-08-20 11:27:10,824 | INFO | Login successful
2026-08-20 11:27:10,824 | INFO | Navigating to PIM module
2026-08-20 11:27:12,431 | INFO | Login successful
2026-08-20 11:27:12,431 | INFO | Navigating to PIM module
2026-08-20 11:27:13,545 | INFO | Login successful
2026-08-20 11:27:13,545 | INFO | Navigating to PIM module
2026-08-20 11:27:15,418 | INFO | Login successful
2026-08-20 11:27:15,418 | INFO | Navigating to PIM module
2026-08-20 11:27:18,136 | INFO | Submitting new employee: joo s (ID: 7865)
2026-08-20 11:27:27,667 | INFO | PIM page loaded
2026-08-20 11:27:27,668 | INFO | Opening Add Employee form
2026-08-20 11:27:33,562 | INFO | PIM page loaded
2026-08-20 11:27:33,562 | INFO | Opening Add Employee form
2026-08-20 11:27:33,570 | INFO | Employee creation verified successfully
2026-08-20 11:27:33,571 | INFO | Extracting employee list data
2026-08-20 11:27:37,310 | INFO | PIM page loaded
2026-08-20 11:27:37,310 | INFO | Opening Add Employee form
2026-08-20 11:27:37,361 | INFO | PIM page loaded
2026-08-20 11:27:37,361 | INFO | Opening Add Employee form
2026-08-20 11:27:37,766 | INFO | Submitting new employee: joo s (ID: 7865)
2026-08-20 11:27:46,410 | INFO | Submitting new employee: joo s (ID: 7865)
2026-08-20 11:27:47,906 | INFO | Submitting new employee: joo s (ID: 7865)
2026-08-20 11:27:48,154 | INFO | Submitting new employee: joo s (ID: 7865)
2026-08-20 11:27:54,581 | ERROR | Automation failed: Could not verify employee creation
2026-08-20 11:27:59,866 | INFO | Extracted 20 employee rows
2026-08-20 11:27:59,867 | INFO | Saved extracted data to employees_20260820_112759.csv
2026-08-20 11:27:59,867 | INFO | Logging out
2026-08-20 11:28:11,841 | ERROR | Automation failed: Could not verify employee creation
2026-08-20 11:28:19,541 | INFO | Logout successful. Automation run complete.
2026-08-20 11:28:20,709 | ERROR | Automation failed: Could not verify employee creation
2026-08-20 11:28:23,967 | ERROR | Automation failed: Could not verify employee creation
2026-08-20 11:28:24,285 | ERROR | Automation failed: Could not verify employee creation
