2026-08-20 10:09:43,624 | INFO | Starting automation run
2026-08-20 10:09:46,789 | INFO | Opening OrangeHRM login page
2026-08-20 10:09:50,785 | INFO | Logging in as user 'Admin'
2026-08-20 10:09:59,426 | INFO | Login successful
2026-08-20 10:09:59,426 | INFO | Navigating to PIM module
2026-08-20 10:10:34,688 | ERROR | Automation failed: Message: 
Stacktrace:
	chromedriver!GetHandleVerifier [0x843353+fd93]
	chromedriver!GetHandleVerifier [0x843394+fdd4]
	chromedriver!(No symbol) [0x639220]
	chromedriver!(No symbol) [0x6832fb]
	chromedriver!(No symbol) [0x68351b]
	chromedriver!(No symbol) [0x6c5b82]
	chromedriver!(No symbol) [0x6a58c4]
	chromedriver!(No symbol) [0x6c34d9]
	chromedriver!(No symbol) [0x6a5616]
	chromedriver!(No symbol) [0x6787e9]
	chromedriver!(No symbol) [0x6795b4]
	chromedriver!GetHandleVerifier [0xadf51a+2abf5a]
	chromedriver!GetHandleVerifier [0xadaa21+2a7461]
	chromedriver!GetHandleVerifier [0x86f374+3bdb4]
	chromedriver!GetHandleVerifier [0x85e036+2aa76]
	chromedriver!GetHandleVerifier [0x864efd+3193d]
	chromedriver!GetHandleVerifier [0x84c8a8+192e8]
	chromedriver!GetHandleVerifier [0x84ca55+19495]
	chromedriver!GetHandleVerifier [0x8353ff+1e3f]
	KERNEL32!BaseThreadInitThunk [0x76055d49+19]
	ntdll!RtlInitializeExceptionChain [0x7716e12b+6b]
	ntdll!RtlGetAppContainerNamedObjectPath [0x7716e0b1+231]

