2026-08-20 11:16:30,640 | INFO | Starting automation run
2026-08-20 11:16:31,966 | INFO | Opening OrangeHRM login page
2026-08-20 11:16:37,674 | INFO | Logging in as user 'Admin'
2026-08-20 11:16:43,961 | INFO | Login successful
2026-08-20 11:16:43,961 | INFO | Navigating to PIM module
2026-08-20 11:16:49,882 | INFO | PIM page loaded
2026-08-20 11:16:49,882 | INFO | Opening Add Employee form
2026-08-20 11:16:52,441 | INFO | Submitting new employee: jooo s (ID: 6453)
2026-08-20 11:16:53,467 | ERROR | Automation failed: Message: element click intercepted: Element <button data-v-10d463b7="" data-v-304890b0="" type="submit" class="oxd-button oxd-button--medium oxd-button--secondary orangehrm-left-space">...</button> is not clickable at point (1249, 493). Other element would receive the click: <div data-v-d5bfe35b="" class="oxd-form-loader">...</div>
  (Session info: chrome=151.0.7922.138)
Stacktrace:
	chromedriver!GetHandleVerifier [0x7ff6cf9eabb5+151b5]
	chromedriver!GetHandleVerifier [0x7ff6cf9eac10+15210]
	chromedriver!(No symbol) [0x7ff6cf515d6d]
	chromedriver!(No symbol) [0x7ff6cf5790c5]
	chromedriver!(No symbol) [0x7ff6cf576cda]
	chromedriver!(No symbol) [0x7ff6cf574017]
	chromedriver!(No symbol) [0x7ff6cf572ec7]
	chromedriver!(No symbol) [0x7ff6cf5656f8]
	chromedriver!(No symbol) [0x7ff6cf599d0a]
	chromedriver!(No symbol) [0x7ff6cf564f76]
	chromedriver!(No symbol) [0x7ff6cf5bec0b]
	chromedriver!(No symbol) [0x7ff6cf5637cc]
	chromedriver!(No symbol) [0x7ff6cf5646f3]
	chromedriver!GetHandleVerifier [0x7ff6d000b79b+635d9b]
	chromedriver!GetHandleVerifier [0x7ff6d0005ac6+6300c6]
	chromedriver!GetHandleVerifier [0x7ff6d002bcee+6562ee]
	chromedriver!GetHandleVerifier [0x7ff6cfa08ffe+335fe]
	chromedriver!GetHandleVerifier [0x7ff6cfa1147c+3ba7c]
	chromedriver!GetHandleVerifier [0x7ff6cf9f4d64+1f364]
	chromedriver!GetHandleVerifier [0x7ff6cf9f4ef4+1f4f4]
	chromedriver!GetHandleVerifier [0x7ff6cf9d7d97+2397]
	KERNEL32!BaseThreadInitThunk [0x7ff86b5bccb7+17]
	ntdll!RtlUserThreadStart [0x7ff86d40ad6c+2c]

