2026-08-20 11:28:45,733 | INFO | Starting automation run
2026-08-20 11:28:47,082 | INFO | Opening OrangeHRM login page
2026-08-20 11:28:55,077 | INFO | Logging in as user 'Admin'
2026-08-20 11:29:11,157 | INFO | Login successful
2026-08-20 11:29:11,157 | INFO | Navigating to PIM module
2026-08-20 11:29:24,554 | INFO | PIM page loaded
2026-08-20 11:29:24,555 | INFO | Opening Add Employee form
2026-08-20 11:29:32,898 | INFO | Submitting new employee: joo d (ID: 3464)
2026-08-20 11:30:01,334 | INFO | Employee creation verified successfully
2026-08-20 11:30:01,334 | INFO | Extracting employee list data
2026-08-20 11:30:33,337 | ERROR | Automation failed: Message: 
Stacktrace:
	chromedriver!GetHandleVerifier [0x7ff6cf9eabb5+151b5]
	chromedriver!GetHandleVerifier [0x7ff6cf9eac10+15210]
	chromedriver!(No symbol) [0x7ff6cf515d6d]
	chromedriver!(No symbol) [0x7ff6cf571289]
	chromedriver!(No symbol) [0x7ff6cf57158c]
	chromedriver!(No symbol) [0x7ff6cf5c2027]
	chromedriver!(No symbol) [0x7ff6cf5bec0b]
	chromedriver!(No symbol) [0x7ff6cf5637cc]
	chromedriver!(No symbol) [0x7ff6cf5646f3]
	chromedriver!GetHandleVerifier [0x7ff6d000b79b+635d9b]
	chromedriver!GetHandleVerifier [0x7ff6d0005ac6+6300c6]
	chromedriver!GetHandleVerifier [0x7ff6d002bcee+6562ee]
	chromedriver!GetHandleVerifier [0x7ff6cfa08ffe+335fe]
	chromedriver!GetHandleVerifier [0x7ff6cfa1147c+3ba7c]
	chromedriver!GetHandleVerifier [0x7ff6cf9f4d64+1f364]
	chromedriver!GetHandleVerifier [0x7ff6cf9f4ef4+1f4f4]
	chromedriver!GetHandleVerifier [0x7ff6cf9d7d97+2397]
	KERNEL32!BaseThreadInitThunk [0x7ff86b5bccb7+17]
	ntdll!RtlUserThreadStart [0x7ff86d40ad6c+2c]

