2026-08-20 11:58:31,755 | INFO | Starting automation run
2026-08-20 11:58:33,345 | INFO | Opening OrangeHRM login page
2026-08-20 11:58:44,384 | INFO | Logging in as user 'Admin'
2026-08-20 11:59:25,643 | WARNING | Dashboard didn't appear in time (attempt 1) - site may be slow. Retrying login once...
2026-08-20 12:00:23,513 | ERROR | Automation failed: Message: 
Stacktrace:
	chromedriver!GetHandleVerifier [0x7ff6cf9eabb5+151b5]
	chromedriver!GetHandleVerifier [0x7ff6cf9eac10+15210]
	chromedriver!(No symbol) [0x7ff6cf515d6d]
	chromedriver!(No symbol) [0x7ff6cf571289]
	chromedriver!(No symbol) [0x7ff6cf57158c]
	chromedriver!(No symbol) [0x7ff6cf5c2027]
	chromedriver!(No symbol) [0x7ff6cf5bec0b]
	chromedriver!(No symbol) [0x7ff6cf5637cc]
	chromedriver!(No symbol) [0x7ff6cf5646f3]
	chromedriver!GetHandleVerifier [0x7ff6d000b79b+635d9b]
	chromedriver!GetHandleVerifier [0x7ff6d0005ac6+6300c6]
	chromedriver!GetHandleVerifier [0x7ff6d002bcee+6562ee]
	chromedriver!GetHandleVerifier [0x7ff6cfa08ffe+335fe]
	chromedriver!GetHandleVerifier [0x7ff6cfa1147c+3ba7c]
	chromedriver!GetHandleVerifier [0x7ff6cf9f4d64+1f364]
	chromedriver!GetHandleVerifier [0x7ff6cf9f4ef4+1f4f4]
	chromedriver!GetHandleVerifier [0x7ff6cf9d7d97+2397]
	KERNEL32!BaseThreadInitThunk [0x7ff86b5bccb7+17]
	ntdll!RtlUserThreadStart [0x7ff86d40ad6c+2c]

2026-08-20 12:00:23,514 | ERROR | Current URL at failure: https://opensource-demo.orangehrmlive.com/web/index.php/dashboard/index
